
> focusos@0.1.1 build
> next build

  Ôû▓ Next.js 14.2.0
  - Environments: .env.local

   Creating an optimized production build ...
 Ô£ô Compiled successfully
   Linting and checking validity of types ...

./app/(app)/dashboard/insights/page.tsx
45:6  Warning: React Hook useEffect has a missing dependency: 'fetchDeepInsights'. Either include it or remove the dependency array.  react-hooks/exhaustive-deps

./components/dashboard/AIInsightBanner.tsx
59:6  Warning: React Hook useCallback has missing dependencies: 'events', 'goals', and 'score'. Either include them or remove the dependency array.  react-hooks/exhaustive-deps
63:6  Warning: React Hook useEffect has a missing dependency: 'fetchInsight'. Either include it or remove the dependency array.  react-hooks/exhaustive-deps

./components/dashboard/GoalModal.tsx
84:6  Warning: React Hook useEffect has a missing dependency: 'formData.progress_pct'. Either include it or remove the dependency array.  react-hooks/exhaustive-deps

info  - Need to disable some ESLint rules? Learn more here: https://nextjs.org/docs/basic-features/eslint#disabling-rules
node.exe : Failed to compile.
At line:1 char:1
+ & "C:\Program Files\nodejs/node.exe" "C:\Program Files\nodejs/node_mo 
...
+ ~~~~~~~~~~~~~~~~~~~~~~~~~~~~~~~~~~~~~~~~~~~~~~~~~~~~~~~~~~~~~~~~~~~~~
    + CategoryInfo          : NotSpecified: (Failed to compile.:String) [ 
   ], RemoteException
    + FullyQualifiedErrorId : NativeCommandError
 

./lib/hooks/useFinance.ts:17:65
Type error: Module '"@/types"' has no exported member 'FinanceRoadmap'.

[0m [90m 15 |[39m   orderBy[0m
[0m [90m 16 |[39m } [36mfrom[39m [32m'firebase/firestore'[39m[0m
[0m[31m[1m>[22m[39m[90m 17 |[39m [36mimport[39m { 
[33mFinanceTransaction[39m[33m,[39m 
[33mFinanceRecurringCost[39m[33m,[39m 
[33mFinancePote[39m[33m,[39m [33mFinanceRoadmap[39m } 
[36mfrom[39m [32m'@/types'[39m[0m
[0m [90m    |[39m                                                      
           [31m[1m^[22m[39m[0m
[0m [90m 18 |[39m[0m
[0m [90m 19 |[39m [90m// --- Transactions --- //[39m[0m
[0m [90m 20 |[39m[0m
